scott@scott-ubuntu-home-vm:~/Documents/tests/TestRebaseBRepos/origin_2$ git rebase origin/origin_1
First, rewinding head to replay your work on top of it...
Applying: origin_2 - commit_1 - edit_3
Applying: origin_2 - commit_2 - edit_5
Applying: origin_2 - commit_3 - edit_9
Applying: origin_2 - commit_4 - edit_11
scott@scott-ubuntu-home-vm:~/Documents/tests/TestRebaseBRepos/origin_2$ gitk --all &
[2] 8231
scott@scott-ubuntu-home-vm:~/Documents/tests/TestRebaseBRepos/origin_2$ git push origin origin_2
To git@github.com:ScottHuber/TestRebaseB.git
 ! [rejected]        origin_2 -> origin_2 (non-fast-forward)
error: failed to push some refs to 'git@github.com:ScottHuber/TestRebaseB.git'
hint: Updates were rejected because the tip of your current branch is behind
hint: its remote counterpart. Integrate the remote changes (e.g.
hint: 'git pull ...') before pushing again.
hint: See the 'Note about fast-forwards' in 'git push --help' for details.
scott@scott-ubuntu-home-vm:~/Documents/tests/TestRebaseBRepos/origin_2$ git pull origin origin_2
From github.com:ScottHuber/TestRebaseB
 * branch            origin_2   -> FETCH_HEAD
Merge made by the 'recursive' strategy.
scott@scott-ubuntu-home-vm:~/Documents/tests/TestRebaseBRepos/origin_2$ git push origin origin_2
Counting objects: 17, done.
Delta compression using up to 2 threads.
Compressing objects: 100% (11/11), done.
Writing objects: 100% (12/12), 1.17 KiB | 0 bytes/s, done.
Total 12 (delta 6), reused 0 (delta 0)
To git@github.com:ScottHuber/TestRebaseB.git
   68a454f..1a6ebe5  origin_2 -> origin_2

